ast error
at /home/djp/pkt-rs/pktfmt/tests/parse_errors_input/field_error_1 3:23-5:9
                          ~~~~~~~
3 |         fake_field1 = Field {
4 |             bit = 65, 
5 |         },
    ^^^^^^^^^
field error 1:
invalid bit 65, bit value must satisfy: bit > 0 && (bit <= 64 | bit % 8 == 0) 
