ast error
at /home/djp/pkt-rs/pktfmt/tests/parse_errors_input/length_error_4.pktfmt 13:5-16:5
         ~~~~~~~~~~
13 |     length = [
14 |         header_len =field_1*3@4,
15 |         payload_len =field_2*3,
16 |     ]
     ^^^^^
length error 4:
fixed length 4 can not be derived from the length field expression
