ast error
at /home/djp/pkt-rs/pktfmt/tests/parse_errors_input/length_error_8.pktfmt 13:5-16:5
         ~~~~~~~~~~
13 |     length = [
14 |         header_len =field_5*3,
15 |         payload_len =field_2*3,
16 |     ]
     ^^^^^
length error 8:
invalid length expression field name field_5
