ast error
at /home/djp/pkt-rs/pktfmt/tests/parse_errors_input/length_error_3.pktfmt 15:5-18:5
         ~~~~~~~~~~
15 |     length = [
16 |         header_len =field_1*3@2,
17 |         payload_len =field_2*3,
18 |     ]
     ^^^^^
length error 3:
invalid fixed length 2, it should be in the range [3, 1048575]
