ast error
at /home/djp/pkt-rs/pktfmt/tests/parse_errors_input/length_error_12.pktfmt 13:5-16:5
         ~~~~~~~~~~
13 |     length = [
14 |         header_len =field_1*3@3,
15 |         payload_len =field_2*3,
16 |     ]
     ^^^^^
length error 12:
fixed length 3 can not be derived from the default value 0 of the length field
